// Vitest Snapshot v1, https://vitest.dev/guide/snapshot.html

exports[`skills > acquire 1`] = `
{
  "data": {
    "choices": [
      {
        "name": "Critical Hit",
        "value": "crit",
      },
      {
        "name": "Enraged",
        "value": "enrage",
      },
      {
        "name": "Stun",
        "value": "stun",
      },
      {
        "name": "Chain Attack",
        "value": "chain",
      },
      {
        "name": "Lifesteal",
        "value": "lifesteal",
      },
      {
        "name": "Speed Boost",
        "value": "speed",
      },
      {
        "name": "Sneak Attack",
        "value": "grab",
      },
      {
        "name": "Emergency Healing",
        "value": "heal",
      },
      {
        "name": "Defense Boost",
        "value": "defense",
      },
      {
        "name": "Slow Debuff",
        "value": "slow",
      },
    ],
  },
  "type": 8,
}
`;

exports[`skills > upgrade 1`] = `
{
  "data": {
    "choices": [
      {
        "name": "Critical Hit",
        "value": "crit",
      },
      {
        "name": "Enraged",
        "value": "enrage",
      },
      {
        "name": "Stun",
        "value": "stun",
      },
      {
        "name": "Chain Attack",
        "value": "chain",
      },
      {
        "name": "Lifesteal",
        "value": "lifesteal",
      },
      {
        "name": "Speed Boost",
        "value": "speed",
      },
      {
        "name": "Sneak Attack",
        "value": "grab",
      },
      {
        "name": "Emergency Healing",
        "value": "heal",
      },
      {
        "name": "Defense Boost",
        "value": "defense",
      },
      {
        "name": "Slow Debuff",
        "value": "slow",
      },
    ],
  },
  "type": 8,
}
`;
